[www.facebook.com/index.html]
[backblue.gif]
[fade.gif]
[index.html]
[static.xx.fbcdn.net/rsrc.php/v3/y6/l/0,cross/x9Jz5CMXC-n1f8e.css]
[www.facebook.com/index4964.html]
[www.facebook.com/data/manifest/index.html]
[static.xx.fbcdn.net/rsrc.php/v3/y0/l/0,cross/8W_H4Nz7hs11f8e.css]
[static.xx.fbcdn.net/rsrc.php/v3/yQ/l/0,cross/xB3b6HBikh81f8e.css]
[static.xx.fbcdn.net/rsrc.php/v3/yX/l/0,cross/XpOf3GVSA-k1f8e.css]
[static.xx.fbcdn.net/rsrc.php/v3/yr/l/0,cross/u4xvA0Tw-4L1f8e.css]
[static.xx.fbcdn.net/rsrc.php/v3/yA/r/eb9i63Mnvt21f8e.js]
[www.facebook.com/help/568137493302217.html]
[www.facebook.com/pages/create/indexf949.html]
[www.facebook.com/help/637205020878504.html]
[www.facebook.com/login/index.html]
[www.facebook.com/reg/index.html]
[www.facebook.com/lite/index.html]
[www.facebook.com/login6d9d.html]
[www.facebook.com/allactivity99e1]
[www.facebook.com/games/index.html]
[www.facebook.com/places/index.html]
[www.facebook.com/watch/index.html]
[www.facebook.com/fundraisers/index.html]
[www.facebook.com/biz/directory/index.html]
[www.facebook.com/privacy/center/index6f75.html]
[www.facebook.com/votinginformationcenter/indexb3e6.html]
[www.facebook.com/privacy/policy/index6f75.html]
[www.facebook.com/pages/create/index30bf.html]
[www.facebook.com/groups/explore/index.html]
[connect.facebook.net/security/hsts-pixel.gif]
[www.facebook.com/policies/cookies/index.html]
[www.facebook.com/policies_center/index.html]
[www.facebook.com/UDk0ZX.11.delayed]
[www.facebook.com/help/index30c2.html]
[www.facebook.com/pzzowf]
[www.facebook.com/JydrTb]
[static.xx.fbcdn.net/rsrc.php/v3iYdq4/yy/l/es_LA/Dn1P5ckmz0X1f8e.js]
[static.xx.fbcdn.net/rsrc.php/v3/y1/r/9XVNQstgB_T1f8e.js]
[static.xx.fbcdn.net/rsrc.php/v3/y-/r/qu9vi-bmWl31f8e.js]
[www.facebook.com/index.html]
[static.xx.fbcdn.net/rsrc.php/v3/yd/r/LFJDMBbOfee1f8e.js]
[www.facebook.com/UDk0ZX/index.html]
[www.facebook.com/index4964.html]
[static.xx.fbcdn.net/rsrc.php/v3/yB/r/TwAHgQi2ZPB.png]
[static.xx.fbcdn.net/rsrc.php/v3/yP/r/Yrq8Y9PlN02.png]
[static.xx.fbcdn.net/rsrc.php/v3/ye/r/4rnXbyIZ7vG.png]
[static.xx.fbcdn.net/rsrc.php/v3/y6/l/0,cross/x9Jz5CMXC-n1f8e.css]
[static.xx.fbcdn.net/rsrc.php/v3/yL/r/unHwF9CkMyM.png]
[static.xx.fbcdn.net/rsrc.php/v3/yH/r/xgVgalBG80z.png]
[static.xx.fbcdn.net/rsrc.php/v3/yn/r/J-J3z0h9x9f.png]
[static.xx.fbcdn.net/rsrc.php/v3/y0/l/0,cross/8W_H4Nz7hs11f8e.css]
[static.xx.fbcdn.net/rsrc.php/v3/yK/r/kNYkizqJr9j.png]
[static.xx.fbcdn.net/rsrc.php/v3/y2/r/m3DkabwyaYA.png]
[static.xx.fbcdn.net/rsrc.php/v3/yQ/l/0,cross/xB3b6HBikh81f8e.css]
[static.xx.fbcdn.net/rsrc.php/v3/yZ/r/je5FEJkU1_K.png]
[static.xx.fbcdn.net/rsrc.php/v3/yk/r/swFqSxKYa5M.png]
[static.xx.fbcdn.net/rsrc.php/v3/yX/l/0,cross/XpOf3GVSA-k1f8e.css]
[static.xx.fbcdn.net/rsrc.php/v3/y9/r/y7MG8IZpiC8.gif]
[static.xx.fbcdn.net/rsrc.php/v3/yU/r/O7nelmd9XSI.png]
[static.xx.fbcdn.net/rsrc.php/v3/yu/r/PmjSkvyqVM-.png]
[static.xx.fbcdn.net/rsrc.php/v3/yr/l/0,cross/u4xvA0Tw-4L1f8e.css]
[static.xx.fbcdn.net/rsrc.php/v3/yg/r/6oZO5zjhedE.png]
[www.facebook.com/chrome-extension_/index.html]
[www.facebook.com/^([^_/indexd41d.html]
[www.facebook.com/GET]
[www.facebook.com/intern/rsrc.php]
[www.facebook.com/intern/rsrc-translations.php]
[www.facebook.com/rsrc.php]
[www.facebook.com/rsrc-translations.php]
[static.xx.fbcdn.net/rsrc.php/v3/yA/r/eb9i63Mnvt21f8e.js]
[www.facebook.com/recover/initiate/index54eb.html]
[static.xx.fbcdn.net/rsrc.php/v3/yU/l/0,cross/ODVjh0Ni5D71f8e.css]
[www.facebook.com/login/identify/index09c1.html]
[static.xx.fbcdn.net/rsrc.php/v3/y_/l/0,cross/f7cyNZdUizr1f8e.css]
[static.xx.fbcdn.net/rsrc.php/v3/yQ/l/0,cross/aPNtUMc0Hn41f8e.css]
[static.xx.fbcdn.net/rsrc.php/v3/y1/l/0,cross/M58HF_To5AZ1f8e.css]
[static.xx.fbcdn.net/rsrc.php/v3/y3/l/0,cross/-S28tIfCUPV1f8e.css]
[static.xx.fbcdn.net/rsrc.php/v3/yw/l/0,cross/r5LJxKvacBX1f8e.css]
[static.xx.fbcdn.net/rsrc.php/v3/yg/l/0,cross/wYc-sEpGRXj1f8e.css]
[static.xx.fbcdn.net/rsrc.php/v3/yK/l/0,cross/bqRrgD_fpUE1f8e.css]
[static.xx.fbcdn.net/rsrc.php/v3/yf/l/0,cross/GWOzG6HK8Wc1f8e.css]
[static.xx.fbcdn.net/rsrc.php/v3/ya/l/0,cross/_3wIwNJ98CL1f8e.css]
[static.xx.fbcdn.net/rsrc.php/v3/yI/l/0,cross/SO4i2HaB-bm1f8e.css]
[static.xx.fbcdn.net/rsrc.php/v3/yb/l/0,cross/PSeHdS7MBtx1f8e.css]
[static.xx.fbcdn.net/rsrc.php/v3/yO/l/0,cross/f45-ht0Jol01f8e.css]
[static.xx.fbcdn.net/rsrc.php/v3/yE/l/0,cross/komaHbC5JVn1f8e.css]
[static.xx.fbcdn.net/rsrc.php/v3/yu/l/0,cross/kwLOl4vVNbV1f8e.css]
[www.facebook.com/login/identify/index6160.html]
[www.facebook.com/rc14f.html]
[www.facebook.com/reg/indexd795.html]
[www.facebook.com/pages/create/theaustralian.com.3e.delayed]
[www.facebook.com/pages/create/news.com.au]
[www.facebook.com/pages/create/kollosche.com.au]
[www.facebook.com/pages/create/awstrack.me]
[www.facebook.com/pages/create/UDk0ZX]
[www.facebook.com/pages/create/pzzowf]
[www.facebook.com/pages/create/JydrTb]
[www.facebook.com/pages/create/CJAsBT]
[www.facebook.com/pages/create/indexf949.html]
[www.facebook.com/osd.xml]
[static.xx.fbcdn.net/rsrc.php/v3/y5/l/0,cross/AY3lJNi9RaB1f8e.css]
[www.facebook.com/r.html]
[static.xx.fbcdn.net/rsrc.php/v3/y5/l/0,cross/zT76voya4Bp1f8e.css]
[www.facebook.com/legal/terms/update.html]
[static.xx.fbcdn.net/rsrc.php/v3/yb/r/GsNJNwuI-UM.gif]
[www.facebook.com/reg/help/637205020878504]
[www.facebook.com/login/indexf369.html]
[www.facebook.com/reg/__markup_9f5fac15_0_e_g]
[www.facebook.com/reg/__markup_9f5fac15_0_f_c]
[www.facebook.com/reg/UDk0ZX]
[www.facebook.com/reg/pzzowf]
[www.facebook.com/privacy/policy/index2fb6.html]
[www.facebook.com/reg/JydrTb]
[www.facebook.com/reg/index.html]
[www.facebook.com/login/web/index.html]
[www.facebook.com/r7b25.html]
[www.facebook.com/login/help/637205020878504]
[www.facebook.com/login/UDk0ZX]
[www.facebook.com/login/pzzowf]
[www.facebook.com/login/JydrTb]
[www.facebook.com/login/index.html]
[static.xx.fbcdn.net/rsrc.php/v3/yg/l/0,cross/Wr26M3Z0DGx1f8e.css]
[scontent.faqp2-2.fna.fbcdn.net/v/t39.2365-6/11891345_543283905820402_1726537124_n2d31.jpg]
[scontent.faqp2-2.fna.fbcdn.net/v/t39.2365-6/11057043_645942585536385_1622935532_n0de7.png]
[static.xx.fbcdn.net/rsrc.php/v3/yj/r/XU9as9kkTPK.png]
[scontent.faqp2-3.fna.fbcdn.net/v/t39.2365-6/11057091_834316709957146_226716834_nb000.png]
[www.facebook.com/lite/help/637205020878504]
[www.facebook.com/lite/UDk0ZX]
[www.facebook.com/lite/pzzowf]
[www.facebook.com/lite/JydrTb]
[www.facebook.com/lite/index.html]
[static.xx.fbcdn.net/rsrc.php/v3/yH/l/0,cross/0BJChUDlp-D1f8e.css]
[static.xx.fbcdn.net/rsrc.php/v3/ya/r/oGpiUimItfu1f8e.js]
[static.xx.fbcdn.net/rsrc.php/v3iilZ4/yM/l/es_LA/n-XsinRtnEq1f8e.js]
[static.xx.fbcdn.net/rsrc.php/v3/ya/r/B9EaYJZl-lrf7iNOV5jRwNhkb5KjQo45u1f8e.js]
[static.xx.fbcdn.net/rsrc.php/v3i82N4/yw/l/es_LA/kdEUWGvUG6b1f8e.js]
[static.xx.fbcdn.net/rsrc.php/v3iAn34/yl/l/es_LA/1iLzWy9g3BB1f8e.js]
[static.xx.fbcdn.net/rsrc.php/v3i_Re4/yW/l/es_LA/dF3pdfdGFzJ1f8e.js]
[static.xx.fbcdn.net/rsrc.php/v3iXVO4/yz/l/es_LA/mwQRCuR_fs6LgvwffuKmeXlhTY6Ybu0o02_KVPiLT-GB1iEty47D1lA5sgyzFLJUmn5pRm_HTJk0hnh8DmRwtoT4rj3SeHISlQCxMdiSUDSr9vH7PDvIO7WSZ.6]
[static.xx.fbcdn.net/rsrc.php/v3ib6x4/y1/l/es_LA/0NwPBoJTt5u1f8e.js]
[static.xx.fbcdn.net/rsrc.php/v3i6Mk4/yH/l/es_LA/zVgvfPOYQQx1f8e.js]
[www.facebook.com/watch/theaustralian.com.html]
[static.xx.fbcdn.net/rsrc.php/v3iE6K4/yE/l/es_LA/tlS-Km6rMgN1f8e.js]
[static.xx.fbcdn.net/rsrc.php/v3imQ64/yM/l/es_LA/Qjhgdktp5ZMAySQlehqBSRyW9_m2uYbqSw6NkhSkFhPNb8eA3vytiY_vIEZJM8ImfxQsBBDbSY2q4IyELAAPkovrpcGArKKmaI9YMHVsdWqltXj7MsfRWEAsVX6]
[www.facebook.com/watch/news.com.au/index.html]
[www.facebook.com/watch/index.html]
[static.xx.fbcdn.net/rsrc.php/v3iDOV4/yb/l/es_LA/skTTu4RJ3cR1f8e.js]
[static.xx.fbcdn.net/rsrc.php/v3iXfU4/yz/l/es_LA/2_KVPiLT-GB1f8e.js]
[static.xx.fbcdn.net/rsrc.php/v3/yA/r/B9EaYJZl-lr1f8e.js]
[static.xx.fbcdn.net/rsrc.php/v3iJKm4/y5/l/es_LA/D97xDlVxSJO1f8e.js]
[static.xx.fbcdn.net/rsrc.php/v3iCE14/yj/l/es_LA/mwQRCuR_fs6RKaH9otR_RoO8dGAUcVc7tLgvwffuKmeXzVgvfPOYQQx0NwPBoJTt5u1iEty47D1lAyW9_m2uYbqSByNG4JMLWVlupbE5FZkIcO2BZkNJZ60qFkl]
[www.facebook.com/places/theaustralian.com.au]
[www.facebook.com/places/news.com.au]
[www.facebook.com/places/kollosche.com.au]
[www.facebook.com/places/awstrack.me]
[www.facebook.com/places/index.html]
[static.xx.fbcdn.net/rsrc.php/v3/yH/l/0,cross/Vc0GFLGbKPk1f8e.css]
[static.xx.fbcdn.net/rsrc.php/v3/yc/l/0,cross/PQiui3zECTt1f8e.css]
[static.xx.fbcdn.net/rsrc.php/v3/yV/l/0,cross/aox7IIgWtqZ1f8e.css]
[www.facebook.com/games/help/637205020878504.html]
[www.facebook.com/help/index01dc.html]
[www.facebook.com/games/theaustralian.com.html]
[www.facebook.com/games/news.com.html]
[www.facebook.com/games/kollosche.com.html]
[www.facebook.com/games/awstrack.html]
[www.facebook.com/games/UDk0ZX.html]
[www.facebook.com/games/pzzowf.html]
[www.facebook.com/games/index.html]
[www.facebook.com/marketplace/index.html]
[www.facebook.com/games/JydrTb.html]
[static.xx.fbcdn.net/rsrc.php/v3/yf/l/0,cross/7UHEyt9tzQW1f8e.css]
[www.facebook.com/login/index4b58.html]
[static.xx.fbcdn.net/rsrc.php/v3/y4/l/0,cross/3wF6RoFytLH1f8e.css]
[static.xx.fbcdn.net/rsrc.php/v3/yt/l/0,cross/DzYca2Hr0p71f8e.css]
[static.xx.fbcdn.net/rsrc.php/v3/y_/l/0,cross/Iy0F12kbeot1f8e.css]
[static.xx.fbcdn.net/rsrc.php/v3/y0/l/0,cross/bDZgRLfjY6w1f8e.css]
[static.xx.fbcdn.net/rsrc.php/v3/yw/l/0,cross/2M4uTjpX0dP1f8e.css]
[scontent.faqp2-3.fna.fbcdn.net/v/t39.30808-6/263169066_10227371086160905_5318426105220094587_n9576.png]
[scontent.faqp2-2.fna.fbcdn.net/v/t39.30808-6/278263215_10221868511170979_7227420189531335331_nc79e.jpg]
[www.facebook.com/login/index9efc.html]
[www.facebook.com/fundraisers/explore/index.html]
[www.facebook.com/fundraisers/about/index.html]
[www.facebook.com/jeff.html]
[www.facebook.com/fundraisers/explore/animals/index4cfa.html]
[www.facebook.com/fundraisers/explore/arts-and-culture/index4cfa.html]
[scontent.faqp2-2.fna.fbcdn.net/v/t39.30808-6/307984402_838611277315106_7032091695687118850_nef4d.jpg]
[scontent.faqp2-2.fna.fbcdn.net/v/t39.30808-6/273909737_10221739644704487_8469270161549210316_nf7c0.png]
[scontent.faqp2-1.fna.fbcdn.net/v/t39.30808-6/283204191_10229815980653794_8435492568116196014_n150e.jpg]
[www.facebook.com/fundraisers/explore/community-and-social-action/index4cfa.html]
[www.facebook.com/fundraisers/explore/faith/index4cfa.html]
[scontent.faqp2-2.fna.fbcdn.net/v/t39.30808-6/299186402_5698105343535128_7223447814634693842_nedd4.jpg]
[www.facebook.com/fundraisers/explore/education/index4cfa.html]
[www.facebook.com/fundraisers/explore/sports/index4cfa.html]
[www.facebook.com/fundraisers/explore/crisis-relief/index4cfa.html]
[www.facebook.com/fundraisers/explore/personal-emergency/index4cfa.html]
[www.facebook.com/fundraisers/explore/international/index4cfa.html]
[www.facebook.com/mark.schloss.html]
[www.facebook.com/fundraisers/explore/environment/index4cfa.html]
[www.facebook.com/fundraisers/explore/funeral-and-loss/index4cfa.html]
[www.facebook.com/fundraisers/explore/health-and-medical/index4cfa.html]
[www.facebook.com/fundraisers/explore/business/index4cfa.html]
[scontent.faqp2-2.fna.fbcdn.net/v/t39.30808-6/313179453_10229183611993668_6829086809383261543_n82d2.jpg]
[scontent.faqp2-2.fna.fbcdn.net/v/t1.6435-1/106385107_10158708901034474_577997414907408310_n828c.png]
[scontent.faqp2-2.fna.fbcdn.net/v/t39.30808-1/279511250_358626199630731_9018748243674957167_n0667.png]
[www.facebook.com/donate/5319748648119654/index55c2.html]
[www.facebook.com/donate/239170464972280/index55c2.html]
[scontent.faqp2-1.fna.fbcdn.net/v/t39.30808-6/280488288_373409588152251_9154095805341389225_n3057.jpg]
[www.facebook.com/donate/995120668106301/index55c2.html]
[www.facebook.com/donate/582361470224790/index55c2.html]
[scontent.faqp2-2.fna.fbcdn.net/v/t39.30808-1/279224517_364789319014278_3719914914441158536_ne370.png]
[www.facebook.com/donate/744088793393729/index55c2.html]
[scontent.faqp2-3.fna.fbcdn.net/v/t39.30808-6/316819727_10210211151191484_3739569761521691785_na592.jpg]
[www.facebook.com/fundraisers/explore/indexc3f0.html]
[scontent.faqp2-2.fna.fbcdn.net/v/t1.30497-1/85215299_479381239411958_7755129104415850496_n17aa.jpg]
[www.facebook.com/login/index9822.html]
[scontent.faqp2-1.fna.fbcdn.net/v/t39.30808-6/312258295_1184246395635590_5290541925849254954_n3f56.png]
[www.facebook.com/donate/4853954411367858/index55c2.html]
[www.facebook.com/login/index6ca5.html]
[scontent.faqp2-2.fna.fbcdn.net/v/t39.30808-1/309515236_474141068087913_2749325053120523261_n7de8.jpg]
[www.facebook.com/login/index28af.html]
[www.facebook.com/donate/983042842424672/index6cf7.html]
[www.facebook.com/donate/648914816897272/index6cf7.html]
[scontent.faqp2-1.fna.fbcdn.net/v/t39.30808-6/316945955_10223886262647947_2964588161456353813_nd94e.jpg]
[www.facebook.com/login/index904b.html]
[scontent.faqp2-2.fna.fbcdn.net/v/t39.30808-6/241660398_1172252363296266_6395300552591082589_nbc74.jpg]
[www.facebook.com/login/index4eae.html]
[scontent.faqp2-3.fna.fbcdn.net/v/t1.6435-1/106558989_10157786479419926_7368333019275867309_n5046.jpg]
[www.facebook.com/donate/1756364224735108/index6cf7.html]
[www.facebook.com/donate/5495517377244461/index6cf7.html]
[www.facebook.com/login/indexbbbc.html]
[scontent.faqp2-3.fna.fbcdn.net/v/t39.30808-6/271190065_10226442860762450_5615142176778257094_n165e.jpg]
[www.facebook.com/login/indexe603.html]
[scontent.faqp2-2.fna.fbcdn.net/v/t39.30808-1/274983651_327554232752359_8570412226848497525_n0535.png]
[scontent.faqp2-2.fna.fbcdn.net/v/t39.30808-6/316964490_3389947664619907_6766817082523606730_n7466.jpg]
[scontent.faqp2-2.fna.fbcdn.net/v/t39.30808-1/232412291_10159266317195853_828249580855211877_n3942.png]
[scontent.faqp2-1.fna.fbcdn.net/v/t39.30808-6/278504397_10159673045825767_7285011567410336039_n0d20.png]
[www.facebook.com/donate/845334839833215/index6cf7.html]
[scontent.faqp2-2.fna.fbcdn.net/v/t39.30808-1/293266591_416255930540996_21873322841495059_n8e6b.jpg]
[scontent.faqp2-2.fna.fbcdn.net/v/t39.30808-6/314624590_680271553811771_2320024763536029906_ne395.jpg]
[www.facebook.com/donate/764178474625588/index6cf7.html]
[www.facebook.com/login/indexc24a.html]
[www.facebook.com/donate/642508307573714/index6cf7.html]
[scontent.faqp2-3.fna.fbcdn.net/v/t39.30808-6/278832479_10227478875782096_3974391385552811108_ndd74.jpg]
[www.facebook.com/login/indexfe53.html]
[scontent.faqp2-2.fna.fbcdn.net/v/t39.30808-1/297036940_422231986603941_6791788212519435656_n8881.jpg]
[www.facebook.com/login/indexc585.html]
[scontent.faqp2-3.fna.fbcdn.net/v/t39.30808-6/271547064_10224716430752126_363789029694701262_n7a68.png]
[scontent.faqp2-2.fna.fbcdn.net/v/t39.30808-6/312390663_10111376628272799_8574253046944179986_nbf5d.jpg]
[www.facebook.com/donate/1337710230389974/index6cf7.html]
[www.facebook.com/donate/1124740857729289/index6cf7.html]
[www.facebook.com/donate/1121488861958158/index6cf7.html]
[www.facebook.com/login/index69b8.html]
[scontent.faqp2-2.fna.fbcdn.net/v/t39.30808-1/298268467_10166387986815273_2846003300305437655_n3125.jpg]
[scontent.faqp2-2.fna.fbcdn.net/v/t39.30808-6/272887438_10166338323885492_618874720528920984_n9efa.png]
[www.facebook.com/login/index399c.html]
[scontent.faqp2-2.fna.fbcdn.net/v/t39.30808-6/305747718_10103983146773744_9196021083099354839_nb8fd.jpg]
[scontent.faqp2-2.fna.fbcdn.net/v/t39.30808-1/280078719_373828471453791_5795338750706153761_n89a0.jpg]
[www.facebook.com/login/index53f8.html]
[scontent.faqp2-1.fna.fbcdn.net/v/t39.30808-6/315208094_507396141416345_1548954632075311202_nb7a5.jpg]
[www.facebook.com/donate/282282207429053/index6cf7.html]
[scontent.faqp2-3.fna.fbcdn.net/v/t39.30808-1/288014038_395754499247177_6628257300029107307_n3fc7.jpg]
[scontent.faqp2-1.fna.fbcdn.net/v/t39.30808-6/297803101_6150312584998247_7840715845646831798_nb204.jpg]
[www.facebook.com/login/index0f04.html]
[www.facebook.com/donate/625719322572308/index6cf7.html]
[scontent.faqp2-2.fna.fbcdn.net/v/t39.30808-1/294333690_412357994263649_5897140937878842876_nbc91.png]
[scontent.faqp2-2.fna.fbcdn.net/v/t39.30808-1/294532976_427338152768317_2059753146151798156_n034d.png]
[www.facebook.com/login/indexd1d0.html]
[www.facebook.com/donate/527204092367317/index6cf7.html]
[www.facebook.com/donate/788296949109561/index6cf7.html]
[www.facebook.com/help/837523116348786.html]
[www.facebook.com/login/index0614.html]
[www.facebook.com/donate/2143456062460282/index6cf7.html]
[www.facebook.com/help/1251484118194936.html]
[www.facebook.com/login/index1228.html]
[www.facebook.com/login/indexd33c.html]
[www.facebook.com/donate/1269443207139354/index6cf7.html]
[www.facebook.com/help/1127216777360764.html]
[www.facebook.com/donate/1087784705125745/index6cf7.html]
[www.facebook.com/donate/659033035889333/index6cf7.html]
[www.facebook.com/login/index699a.html]
[www.facebook.com/help/1872359709660621.html]
[www.facebook.com/login/indexbc4f.html]
[www.facebook.com/donate/1729219864109072/index6cf7.html]
[www.facebook.com/help/188996231291583.html]
[www.facebook.com/login/indexa72d.html]
[www.facebook.com/donate/1782509098756949/index6cf7.html]
[www.facebook.com/help/901370616673951.html]
[www.facebook.com/fundraisers/__elem_fc06e134_0_1_8]
[www.facebook.com/help/1409509059114623.html]
[www.facebook.com/fundraisers/u_0_i_r]
[www.facebook.com/help/2265228917040271/index.html]
[www.facebook.com/fundraisers/u_0_12_G]
[www.facebook.com/fundraisers/u_0_1c_b]
[www.facebook.com/fundraisers/__markup_d3c2dfe2_0_b_P]
[www.facebook.com/fundraisers/UDk0ZX]
[www.facebook.com/fundraisers/pzzowf]
[www.facebook.com/fundraisers/JydrTb]
[www.facebook.com/fundraisers/index.html]
[static.xx.fbcdn.net/rsrc.php/v3/yP/l/0,cross/_JVXrhWmBHX1f8e.css]
[scontent.faqp2-2.fna.fbcdn.net/v/t1.30497-1/83245568_1845797888897938_3274147281632231424_ncded.png]
[scontent.faqp2-2.fna.fbcdn.net/v/t1.30497-1/83245568_1845797888897938_3274147281632231424_ndad7.png]
[scontent.faqp2-3.fna.fbcdn.net/v/t34.18173-12/38977614_513512035870883_69201301_nb020.jpg]
[scontent.faqp2-2.fna.fbcdn.net/v/t1.30497-1/84702798_579370612644419_4516628711310622720_n2012.png]
[www.facebook.com/biz/directory/help/637205020878504.html]
[www.facebook.com/biz/directory/UDk0ZX.html]
[www.facebook.com/biz/directory/pzzowf.html]
[www.facebook.com/biz/directory/index.html]
[www.facebook.com/biz/directory/JydrTb.html]
[www.facebook.com/votinginformationcenter.html]
[static.xx.fbcdn.net/rsrc.php/v3iXCc4/yn/l/es_LA/mwQRCuR_fs6LgvwffuKmeX1iEty47D1lAyW9_m2uYbqSTgffJfzqOezuEFEbyP2L2vrj3SeHISlQCxMdiSUDSr9vDSd3IMUWzDM1f8e.js]
[static.xx.fbcdn.net/rsrc.php/v3iJyF4/yN/l/es_LA/TDG1DphmZDl1f8e.js]
[static.xx.fbcdn.net/rsrc.php/v3ip7P4/yx/l/es_LA/fsMOjoic1b91f8e.js]
[www.facebook.com/votinginformationcenter/theaustralian.com.html]
[www.facebook.com/votinginformationcenter/news.com.html]
[www.facebook.com/votinginformationcenter/kollosche.com.html]
[www.facebook.com/votinginformationcenter/awstrack.html]
[www.facebook.com/votinginformationcenter/'https_/static.xx.fbcdn.net/rsrc.php/v3/yL/r/L19T_CK8gdR.png']
[static.xx.fbcdn.net/rsrc.php/v3/yk/r/wPLNNGu_etq.png]
[www.facebook.com/votinginformationcenter/'https_/static.xx.fbcdn.net/rsrc.php/v3/yw/r/Jq3vfsRQqYK.png']
[www.facebook.com/votinginformationcenter/'https_/static.xx.fbcdn.net/rsrc.php/v3/yG/r/NUGgfzeInZL.png']
[www.facebook.com/votinginformationcenter/'https_/static.xx.fbcdn.net/rsrc.php/v3/yg/r/ujWafOF28tP.e2.delayed]
[www.facebook.com/votinginformationcenter/indexb3e6.html]
[www.facebook.com/help/299618223782909.html]
[static.xx.fbcdn.net/rsrc.php/v3/y0/l/0,cross/0BJChUDlp-DRARYpMWIyNteShCSGw11Yp-_Y8k37tAmpqqpLnXe531m2WpPVoY4qUuToZTrXo1u4YCZD9QwQQ5Dn1f8e.css]
[static.xx.fbcdn.net/rsrc.php/v3ihJM4/yd/l/es_LA/n-XsinRtnEqGw1X1Z--2ef7eylVNHYFabRPSYypYeZBMmwQRCuR_fs6GdeUdqWIISF1f8e.js]
[www.facebook.com/privacy/policy/theaustralian.com.au]
[www.facebook.com/privacy/policy/news.com.au]
[www.facebook.com/privacy/policy/kollosche.com.au]
[www.facebook.com/privacy/policy/awstrack.me]
[www.facebook.com/privacy/policy/t8S1ew]
[static.xx.fbcdn.net/rsrc.php/v3i84t4/yi/l/es_LA/PBXZ1BArlMY1f8e.js]
[www.facebook.com/privacy/policy/index6f75.html]
[static.xx.fbcdn.net/rsrc.php/v3iFYi4/yX/l/es_LA/CWH59zKabIK1f8e.js]
[static.xx.fbcdn.net/rsrc.php/v3iXea4/y8/l/es_LA/n-XsinRtnEqmwQRCuR_fs6LgvwffuKmeX1iEty47D1lArj3SeHISlQC1f8e.js]
[www.facebook.com/privacy/center/theaustralian.com.ef.delayed]
[www.facebook.com/privacy/center/news.com.au]
[www.facebook.com/privacy/center/kollosche.com.au]
[www.facebook.com/privacy/center/awstrack.me]
[www.facebook.com/privacy/center/index6f75.html]
[static.xx.fbcdn.net/rsrc.php/v3iO8Y4/yX/l/es_LA/7Y4mDxeEcOR1f8e.js]
[www.facebook.com/groups/explore/theaustralian.com.au]
[www.facebook.com/groups/explore/news.com.au]
[www.facebook.com/groups/explore/kollosche.com.au]
[www.facebook.com/groups/explore/awstrack.me]
[www.facebook.com/groups/explore/'https_/static.xx.fbcdn.net/rsrc.php/v3/yL/r/L19T_CK8gdR.png']
[www.facebook.com/groups/explore/'https_/static.xx.fbcdn.net/rsrc.php/v3/yj/r/ftaZmsoGA0_.png']
[www.facebook.com/groups/explore/index.html]
[www.facebook.com/pages/create/index30bf.html]
[www.facebook.com/careers/index30c2.html]
[static.xx.fbcdn.net/rsrc.php/v3/yS/l/0,cross/wRTeDcr5QVM1f8e.css]
[static.xx.fbcdn.net/rsrc.php/v3/yS/l/0,cross/RS8QwK7JMWs1f8e.css]
[www.facebook.com/policy/cookies/printable.html]
[www.facebook.com/legal/terms.html]
[www.facebook.com/ads/settings.html]
[www.facebook.com/about/basics.html]
[static.xx.fbcdn.net/rsrc.php/v3/yr/r/EIICbSmaa-c.png]
[www.facebook.com/help/1561485474074139.html]
[www.facebook.com/help/769828729705201faf2.html]
[www.facebook.com/help/1561485474074139faf2.html]
[www.facebook.com/help/111814505650678faf2.html]
[www.facebook.com/policies/cookies.html]
[www.facebook.com/help/2230503797265156acb5.html]
[www.facebook.com/help/2207256696182627acb5.html]
[www.facebook.com/policies/cookies/help/637205020878504.html]
[www.facebook.com/policies/cookies/theaustralian.com.html]
[www.facebook.com/policies/cookies/news.com.html]
[www.facebook.com/policies/cookies/kollosche.com.html]
[www.facebook.com/policies/cookies/awstrack.html]
[www.facebook.com/policies/cookies/u_0_2_W.html]
[www.facebook.com/policies/cookies/UDk0ZX.html]
[www.facebook.com/policies/cookies/pzzowf.html]
[www.facebook.com/policies/cookies/index.html]
[www.facebook.com/policies/cookies/JydrTb.html]
[www.facebook.com/help/568137493302217.html]
[www.facebook.com/policies_center/index.html]
[www.facebook.com/help/index30c2.html]
[www.facebook.com/help/637205020878504.html]
[www.facebook.com/login6d9d.html]
[www.facebook.com/allactivity99e1.html]
[www.facebook.com/UDk0ZX.html]
[www.facebook.com/pzzowf.html]
[www.facebook.com/JydrTb.html]
[static.xx.fbcdn.net/rsrc.php/v3iYdq4/yy/l/es_LA/Dn1P5ckmz0X1f8e.js]
[static.xx.fbcdn.net/rsrc.php/v3/y1/r/9XVNQstgB_T1f8e.js]
[static.xx.fbcdn.net/rsrc.php/v3/y-/r/qu9vi-bmWl31f8e.js]
[static.xx.fbcdn.net/rsrc.php/v3/yd/r/LFJDMBbOfee1f8e.js]
[www.facebook.com/UDk0ZX/index.html]
[www.facebook.com/chrome-extension_/index.html]
[www.facebook.com/^([^_/indexd41d.html]
[www.facebook.com/nw/index.html]
[www.facebook.com/GET.html]
[www.facebook.com/intern/rsrc.html]
[www.facebook.com/intern/rsrc-translations.html]
[www.facebook.com/rsrc.html]
[www.facebook.com/rsrc-translations.html]
[www.facebook.com/ajax/photos/snowlift/init.html]
[www.facebook.com/login/identify/index09c1.html]
[static.xx.fbcdn.net/rsrc.php/v3/yU/l/0,cross/ODVjh0Ni5D71f8e.css]
[static.xx.fbcdn.net/rsrc.php/v3/y_/l/0,cross/f7cyNZdUizr1f8e.css]
[static.xx.fbcdn.net/rsrc.php/v3/yQ/l/0,cross/aPNtUMc0Hn41f8e.css]
[static.xx.fbcdn.net/rsrc.php/v3/y1/l/0,cross/M58HF_To5AZ1f8e.css]
[static.xx.fbcdn.net/rsrc.php/v3/y3/l/0,cross/-S28tIfCUPV1f8e.css]
[static.xx.fbcdn.net/rsrc.php/v3/yw/l/0,cross/r5LJxKvacBX1f8e.css]
[static.xx.fbcdn.net/rsrc.php/v3/yg/l/0,cross/wYc-sEpGRXj1f8e.css]
[static.xx.fbcdn.net/rsrc.php/v3/yK/l/0,cross/bqRrgD_fpUE1f8e.css]
[static.xx.fbcdn.net/rsrc.php/v3/yf/l/0,cross/GWOzG6HK8Wc1f8e.css]
[static.xx.fbcdn.net/rsrc.php/v3/ya/l/0,cross/_3wIwNJ98CL1f8e.css]
[static.xx.fbcdn.net/rsrc.php/v3/yI/l/0,cross/SO4i2HaB-bm1f8e.css]
[static.xx.fbcdn.net/rsrc.php/v3/yb/l/0,cross/PSeHdS7MBtx1f8e.css]
[static.xx.fbcdn.net/rsrc.php/v3/yO/l/0,cross/f45-ht0Jol01f8e.css]
[static.xx.fbcdn.net/rsrc.php/v3/yE/l/0,cross/komaHbC5JVn1f8e.css]
[static.xx.fbcdn.net/rsrc.php/v3/yu/l/0,cross/kwLOl4vVNbV1f8e.css]
[www.facebook.com/login/identify/index6160.html]
[www.facebook.com/reg/indexd795.html]
[www.facebook.com/rc14f.html]
[www.facebook.com/pages/create/theaustralian.com.html]
[www.facebook.com/pages/create/news.com.html]
[www.facebook.com/pages/create/kollosche.com.html]
[www.facebook.com/pages/create/awstrack.html]
[www.facebook.com/pages/create/UDk0ZX.html]
[www.facebook.com/pages/create/pzzowf.html]
[www.facebook.com/pages/create/JydrTb.html]
[www.facebook.com/pages/create/CJAsBT.html]
[www.facebook.com/r.html]
[static.xx.fbcdn.net/rsrc.php/v3/y5/l/0,cross/AY3lJNi9RaB1f8e.css]
[static.xx.fbcdn.net/rsrc.php/v3/y5/l/0,cross/zT76voya4Bp1f8e.css]
[www.facebook.com/legal/terms/update.html]
[www.facebook.com/privacy/policy/index2fb6.html]
[www.facebook.com/login/indexf369.html]
[www.facebook.com/reg/help/637205020878504.html]
[www.facebook.com/reg/__markup_9f5fac15_0_e_g.html]
[www.facebook.com/reg/__markup_9f5fac15_0_f_c.html]
[www.facebook.com/reg/UDk0ZX.html]
[www.facebook.com/reg/pzzowf.html]
[www.facebook.com/reg/JydrTb.html]
[www.facebook.com/login/web/index.html]
[www.facebook.com/recover/initiate/index9acb.html]
[www.facebook.com/r7b25.html]
[www.facebook.com/login/help/637205020878504.html]
[www.facebook.com/login/UDk0ZX.html]
[www.facebook.com/login/pzzowf.html]
[www.facebook.com/login/JydrTb.html]
[static.xx.fbcdn.net/rsrc.php/v3/yg/l/0,cross/Wr26M3Z0DGx1f8e.css]
[www.facebook.com/sideload/lite/download/index917e.html]
[www.facebook.com/sideload/lite/googleplay/index.html]
[www.facebook.com/lite/help/637205020878504.html]
[www.facebook.com/lite/UDk0ZX.html]
[www.facebook.com/lite/pzzowf.html]
[www.facebook.com/lite/JydrTb.html]
[static.xx.fbcdn.net/rsrc.php/v3/yH/l/0,cross/0BJChUDlp-D1f8e.css]
[static.xx.fbcdn.net/rsrc.php/v3/ya/r/oGpiUimItfu1f8e.js]
[static.xx.fbcdn.net/rsrc.php/v3iXVO4/yz/l/es_LA/mwQRCuR_fs6LgvwffuKmeXlhTY6Ybu0o02_KVPiLT-GB1iEty47D1lA5sgyzFLJUmn5pRm_HTJk0hnh8DmRwtoT4rj3SeHISlQCxMdiSUDSr9vH7PDvIO7WSZ.6]
[static.xx.fbcdn.net/rsrc.php/v3iilZ4/yM/l/es_LA/n-XsinRtnEq1f8e.js]
[static.xx.fbcdn.net/rsrc.php/v3i82N4/yw/l/es_LA/kdEUWGvUG6b1f8e.js]
[static.xx.fbcdn.net/rsrc.php/v3/ya/r/B9EaYJZl-lrf7iNOV5jRwNhkb5KjQo45u1f8e.js]
[static.xx.fbcdn.net/rsrc.php/v3iAn34/yl/l/es_LA/1iLzWy9g3BB1f8e.js]
[static.xx.fbcdn.net/rsrc.php/v3i_Re4/yW/l/es_LA/dF3pdfdGFzJ1f8e.js]
[static.xx.fbcdn.net/rsrc.php/v3ib6x4/y1/l/es_LA/0NwPBoJTt5u1f8e.js]
[static.xx.fbcdn.net/rsrc.php/v3i6Mk4/yH/l/es_LA/zVgvfPOYQQx1f8e.js]
[www.facebook.com/watch/theaustralian.com.html]
[www.facebook.com/watch/news.com.au/index.html]
[static.xx.fbcdn.net/rsrc.php/v3imQ64/yM/l/es_LA/Qjhgdktp5ZMAySQlehqBSRyW9_m2uYbqSw6NkhSkFhPNb8eA3vytiY_vIEZJM8ImfxQsBBDbSY2q4IyELAAPkovrpcGArKKmaI9YMHVsdWqltXj7MsfRWEAsVX6]
[static.xx.fbcdn.net/rsrc.php/v3iE6K4/yE/l/es_LA/tlS-Km6rMgN1f8e.js]
[static.xx.fbcdn.net/rsrc.php/v3iDOV4/yb/l/es_LA/skTTu4RJ3cR1f8e.js]
[static.xx.fbcdn.net/rsrc.php/v3iCE14/yj/l/es_LA/mwQRCuR_fs6RKaH9otR_RoO8dGAUcVc7tLgvwffuKmeXzVgvfPOYQQx0NwPBoJTt5u1iEty47D1lAyW9_m2uYbqSByNG4JMLWVlupbE5FZkIcO2BZkNJZ60qFkl]
[static.xx.fbcdn.net/rsrc.php/v3iXfU4/yz/l/es_LA/2_KVPiLT-GB1f8e.js]
[static.xx.fbcdn.net/rsrc.php/v3/yA/r/B9EaYJZl-lr1f8e.js]
[static.xx.fbcdn.net/rsrc.php/v3iJKm4/y5/l/es_LA/D97xDlVxSJO1f8e.js]
[www.facebook.com/places/theaustralian.com.html]
[www.facebook.com/places/news.com.html]
[www.facebook.com/places/kollosche.com.html]
[www.facebook.com/places/awstrack.html]
[static.xx.fbcdn.net/rsrc.php/v3/yH/l/0,cross/Vc0GFLGbKPk1f8e.css]
[static.xx.fbcdn.net/rsrc.php/v3/yc/l/0,cross/PQiui3zECTt1f8e.css]
[static.xx.fbcdn.net/rsrc.php/v3/yV/l/0,cross/aox7IIgWtqZ1f8e.css]
[www.facebook.com/help/index01dc.html]
[www.facebook.com/games/help/637205020878504.html]
[www.facebook.com/games/theaustralian.com.html]
[www.facebook.com/games/news.com.html]
[www.facebook.com/games/kollosche.com.html]
[www.facebook.com/games/awstrack.html]
[www.facebook.com/games/UDk0ZX.html]
[www.facebook.com/games/pzzowf.html]
[www.facebook.com/games/JydrTb.html]
[www.facebook.com/login/index4b58.html]
[static.xx.fbcdn.net/rsrc.php/v3/yf/l/0,cross/7UHEyt9tzQW1f8e.css]
[static.xx.fbcdn.net/rsrc.php/v3/y4/l/0,cross/3wF6RoFytLH1f8e.css]
[static.xx.fbcdn.net/rsrc.php/v3/yt/l/0,cross/DzYca2Hr0p71f8e.css]
[static.xx.fbcdn.net/rsrc.php/v3/y_/l/0,cross/Iy0F12kbeot1f8e.css]
[static.xx.fbcdn.net/rsrc.php/v3/y0/l/0,cross/bDZgRLfjY6w1f8e.css]
[static.xx.fbcdn.net/rsrc.php/v3/yh/l/0,cross/b7-5qVwi9fJ1f8e.css]
[static.xx.fbcdn.net/rsrc.php/v3/yw/l/0,cross/2M4uTjpX0dP1f8e.css]
[www.facebook.com/fundraisers/about/index.html]
[www.facebook.com/fundraisers/explore/index.html]
[www.facebook.com/login/index9efc.html]
[www.facebook.com/fundraisers/explore/animals/index4cfa.html]
[www.facebook.com/fundraisers/explore/arts-and-culture/index4cfa.html]
[www.facebook.com/fundraisers/explore/crisis-relief/index4cfa.html]
[www.facebook.com/fundraisers/explore/community-and-social-action/index4cfa.html]
[www.facebook.com/fundraisers/explore/faith/index4cfa.html]
[www.facebook.com/fundraisers/explore/sports/index4cfa.html]
[www.facebook.com/fundraisers/explore/education/index4cfa.html]
[www.facebook.com/fundraisers/explore/personal-emergency/index4cfa.html]
[www.facebook.com/fundraisers/explore/international/index4cfa.html]
[www.facebook.com/fundraisers/explore/environment/index4cfa.html]
[www.facebook.com/fundraisers/explore/business/index4cfa.html]
[www.facebook.com/fundraisers/explore/funeral-and-loss/index4cfa.html]
[www.facebook.com/fundraisers/explore/health-and-medical/index4cfa.html]
[www.facebook.com/donate/239170464972280/index55c2.html]
[www.facebook.com/donate/4853954411367858/index55c2.html]
[www.facebook.com/jeff.html]
[www.facebook.com/donate/5319748648119654/index55c2.html]
[www.facebook.com/donate/995120668106301/index55c2.html]
[www.facebook.com/donate/744088793393729/index55c2.html]
[www.facebook.com/donate/582361470224790/index55c2.html]
[www.facebook.com/mark.schloss.html]
[www.facebook.com/fundraisers/explore/indexc3f0.html]
[www.facebook.com/login/index9822.html]
[www.facebook.com/donate/648914816897272/index6cf7.html]
[www.facebook.com/login/index6ca5.html]
[www.facebook.com/donate/983042842424672/index6cf7.html]
[www.facebook.com/login/index28af.html]
[www.facebook.com/donate/1756364224735108/index6cf7.html]
[www.facebook.com/login/index904b.html]
[www.facebook.com/donate/5495517377244461/index6cf7.html]
[www.facebook.com/login/index4eae.html]
[www.facebook.com/donate/845334839833215/index6cf7.html]
[www.facebook.com/login/indexbbbc.html]
[www.facebook.com/donate/642508307573714/index6cf7.html]
[www.facebook.com/login/indexe603.html]
[www.facebook.com/donate/764178474625588/index6cf7.html]
[www.facebook.com/login/indexc24a.html]
[www.facebook.com/donate/1124740857729289/index6cf7.html]
[www.facebook.com/login/indexfe53.html]
[www.facebook.com/donate/1337710230389974/index6cf7.html]
[www.facebook.com/login/indexc585.html]
[www.facebook.com/donate/1121488861958158/index6cf7.html]
[www.facebook.com/login/index69b8.html]
[www.facebook.com/donate/282282207429053/index6cf7.html]
[www.facebook.com/login/index399c.html]
[www.facebook.com/donate/625719322572308/index6cf7.html]
[www.facebook.com/login/index53f8.html]
[www.facebook.com/donate/527204092367317/index6cf7.html]
[www.facebook.com/login/index0f04.html]
[www.facebook.com/donate/2143456062460282/index6cf7.html]
[www.facebook.com/login/indexd1d0.html]
[www.facebook.com/donate/788296949109561/index6cf7.html]
[www.facebook.com/login/index0614.html]
[www.facebook.com/donate/1087784705125745/index6cf7.html]
[www.facebook.com/login/index1228.html]
[www.facebook.com/donate/1269443207139354/index6cf7.html]
[www.facebook.com/login/indexd33c.html]
[www.facebook.com/donate/659033035889333/index6cf7.html]
[www.facebook.com/login/index699a.html]
[www.facebook.com/donate/1729219864109072/index6cf7.html]
[www.facebook.com/login/indexbc4f.html]
[www.facebook.com/donate/1782509098756949/index6cf7.html]
[www.facebook.com/login/indexa72d.html]
[www.facebook.com/help/837523116348786.html]
[www.facebook.com/help/1251484118194936.html]
[www.facebook.com/help/1127216777360764.html]
[www.facebook.com/help/2265228917040271/index.html]
[www.facebook.com/help/1872359709660621.html]
[www.facebook.com/help/188996231291583.html]
[www.facebook.com/help/901370616673951.html]
[www.facebook.com/help/1409509059114623.html]
[www.facebook.com/fundraisers/__elem_fc06e134_0_1_8.html]
[www.facebook.com/fundraisers/u_0_i_r.html]
[www.facebook.com/fundraisers/u_0_12_G.html]
[www.facebook.com/fundraisers/u_0_1c_b.html]
[www.facebook.com/fundraisers/__markup_d3c2dfe2_0_b_P.html]
[www.facebook.com/fundraisers/UDk0ZX.html]
[www.facebook.com/fundraisers/pzzowf.html]
[www.facebook.com/fundraisers/JydrTb.html]
[static.xx.fbcdn.net/rsrc.php/v3/yP/l/0,cross/_JVXrhWmBHX1f8e.css]
[www.facebook.com/biz/directory/AD/index.html]
[www.facebook.com/biz/directory/AE/index.html]
[www.facebook.com/biz/directory/AF/index.html]
[www.facebook.com/biz/directory/AG/index.html]
[www.facebook.com/biz/directory/AI/index.html]
[www.facebook.com/biz/directory/AL/index.html]
[www.facebook.com/biz/directory/AM/index.html]
[www.facebook.com/biz/directory/AO/index.html]
[www.facebook.com/biz/directory/AR/index.html]
[www.facebook.com/biz/directory/AT/index.html]
[www.facebook.com/biz/directory/AU/index.html]
[www.facebook.com/biz/directory/AW/index.html]
[www.facebook.com/biz/directory/AZ/index.html]
[www.facebook.com/biz/directory/BA/index.html]
[www.facebook.com/biz/directory/BB/index.html]
[www.facebook.com/biz/directory/BD/index.html]
[www.facebook.com/biz/directory/BE/index.html]
[www.facebook.com/biz/directory/BF/index.html]
[www.facebook.com/biz/directory/BG/index.html]
[www.facebook.com/biz/directory/BH/index.html]
[www.facebook.com/biz/directory/BI/index.html]
[www.facebook.com/biz/directory/BJ/index.html]
[www.facebook.com/biz/directory/BM/index.html]
[www.facebook.com/biz/directory/BN/index.html]
[www.facebook.com/biz/directory/BO/index.html]
[www.facebook.com/biz/directory/BQ/index.html]
[www.facebook.com/biz/directory/BR/index.html]
[www.facebook.com/biz/directory/BS/index.html]
[www.facebook.com/biz/directory/BT/index.html]
[www.facebook.com/biz/directory/BW/index.html]
[www.facebook.com/biz/directory/BY/index.html]
[www.facebook.com/biz/directory/BZ/index.html]
[www.facebook.com/biz/directory/CA/index.html]
[www.facebook.com/biz/directory/CD/index.html]
[www.facebook.com/biz/directory/CG/index.html]
[www.facebook.com/biz/directory/CH/index.html]
[www.facebook.com/biz/directory/CI/index.html]
[www.facebook.com/biz/directory/CL/index.html]
[www.facebook.com/biz/directory/CM/index.html]
[www.facebook.com/biz/directory/CN/index.html]
[www.facebook.com/biz/directory/CO/index.html]
[www.facebook.com/biz/directory/CR/index.html]
[www.facebook.com/biz/directory/CU/index.html]
[www.facebook.com/biz/directory/CV/index.html]
[www.facebook.com/biz/directory/CW/index.html]
[www.facebook.com/biz/directory/CY/index.html]
[www.facebook.com/biz/directory/CZ/index.html]
[www.facebook.com/biz/directory/DE/index.html]
[www.facebook.com/biz/directory/DJ/index.html]
[www.facebook.com/biz/directory/DK/index.html]
[www.facebook.com/biz/directory/DM/index.html]
[www.facebook.com/biz/directory/DO/index.html]
[www.facebook.com/biz/directory/DZ/index.html]
[www.facebook.com/biz/directory/EC/index.html]
[www.facebook.com/biz/directory/EE/index.html]
[www.facebook.com/biz/directory/EG/index.html]
[www.facebook.com/biz/directory/ES/index.html]
[www.facebook.com/biz/directory/ET/index.html]
[www.facebook.com/biz/directory/FI/index.html]
[www.facebook.com/biz/directory/FJ/index.html]
[www.facebook.com/biz/directory/FO/index.html]
[www.facebook.com/biz/directory/FR/index.html]
[www.facebook.com/biz/directory/GA/index.html]
[www.facebook.com/biz/directory/GB/index.html]
[www.facebook.com/biz/directory/GD/index.html]
[www.facebook.com/biz/directory/GE/index.html]
[www.facebook.com/biz/directory/GF/index.html]
[www.facebook.com/biz/directory/GG/index.html]
[www.facebook.com/biz/directory/GH/index.html]
[www.facebook.com/biz/directory/GI/index.html]
[www.facebook.com/biz/directory/GM/index.html]
[www.facebook.com/biz/directory/GN/index.html]
[www.facebook.com/biz/directory/GP/index.html]
[www.facebook.com/biz/directory/GR/index.html]
[www.facebook.com/biz/directory/GT/index.html]
[www.facebook.com/biz/directory/GU/index.html]
[www.facebook.com/biz/directory/GY/index.html]
[www.facebook.com/biz/directory/HK/index.html]
[www.facebook.com/biz/directory/HN/index.html]
[www.facebook.com/biz/directory/HR/index.html]
[www.facebook.com/biz/directory/HT/index.html]
[www.facebook.com/biz/directory/HU/index.html]
[www.facebook.com/biz/directory/ID/index.html]
[www.facebook.com/biz/directory/IE/index.html]
[www.facebook.com/biz/directory/IL/index.html]
[www.facebook.com/biz/directory/IM/index.html]
[www.facebook.com/biz/directory/IN/index.html]
[www.facebook.com/biz/directory/IQ/index.html]
[www.facebook.com/biz/directory/IR/index.html]
[www.facebook.com/biz/directory/IS/index.html]
[www.facebook.com/biz/directory/IT/index.html]
[www.facebook.com/biz/directory/JE/index.html]
[www.facebook.com/biz/directory/JM/index.html]
[www.facebook.com/biz/directory/JO/index.html]
[www.facebook.com/biz/directory/JP/index.html]
[www.facebook.com/biz/directory/KE/index.html]
[www.facebook.com/biz/directory/KG/index.html]
[www.facebook.com/biz/directory/KH/index.html]
[www.facebook.com/biz/directory/KN/index.html]
[www.facebook.com/biz/directory/KR/index.html]
[www.facebook.com/biz/directory/KW/index.html]
[www.facebook.com/biz/directory/KY/index.html]
[www.facebook.com/biz/directory/KZ/index.html]
[www.facebook.com/biz/directory/LA/index.html]
[www.facebook.com/biz/directory/LB/index.html]
[www.facebook.com/biz/directory/LC/index.html]
[www.facebook.com/biz/directory/LI/index.html]
[www.facebook.com/biz/directory/LK/index.html]
[www.facebook.com/biz/directory/LR/index.html]
[www.facebook.com/biz/directory/LS/index.html]
[www.facebook.com/biz/directory/LT/index.html]
[www.facebook.com/biz/directory/LU/index.html]
[www.facebook.com/biz/directory/LV/index.html]
[www.facebook.com/biz/directory/LY/index.html]
[www.facebook.com/biz/directory/MA/index.html]
[www.facebook.com/biz/directory/MC/index.html]
[www.facebook.com/biz/directory/MD/index.html]
[www.facebook.com/biz/directory/ME/index.html]
[www.facebook.com/biz/directory/MF/index.html]
[www.facebook.com/biz/directory/MG/index.html]
[www.facebook.com/biz/directory/MK/index.html]
[www.facebook.com/biz/directory/ML/index.html]
[www.facebook.com/biz/directory/MM/index.html]
[www.facebook.com/biz/directory/MN/index.html]
[www.facebook.com/biz/directory/MO/index.html]
[www.facebook.com/biz/directory/MP/index.html]
[www.facebook.com/biz/directory/MQ/index.html]
[www.facebook.com/biz/directory/MR/index.html]
[www.facebook.com/biz/directory/MT/index.html]
[www.facebook.com/biz/directory/MU/index.html]
[www.facebook.com/biz/directory/MV/index.html]
[www.facebook.com/biz/directory/MW/index.html]
[www.facebook.com/biz/directory/MX/index.html]
[www.facebook.com/biz/directory/MY/index.html]
[www.facebook.com/biz/directory/MZ/index.html]
[www.facebook.com/biz/directory/NA/index.html]
[www.facebook.com/biz/directory/NC/index.html]
[www.facebook.com/biz/directory/NE/index.html]
[www.facebook.com/biz/directory/NG/index.html]
[www.facebook.com/biz/directory/NI/index.html]
[www.facebook.com/biz/directory/NL/index.html]
[www.facebook.com/biz/directory/NO/index.html]
[www.facebook.com/biz/directory/NP/index.html]
[www.facebook.com/biz/directory/NZ/index.html]
[www.facebook.com/biz/directory/OM/index.html]
[www.facebook.com/biz/directory/PA/index.html]
[www.facebook.com/biz/directory/PE/index.html]
[www.facebook.com/biz/directory/PF/index.html]
[www.facebook.com/biz/directory/PG/index.html]
[www.facebook.com/biz/directory/PH/index.html]
[www.facebook.com/biz/directory/PK/index.html]
[www.facebook.com/biz/directory/PL/index.html]
[www.facebook.com/biz/directory/PR/index.html]
[www.facebook.com/biz/directory/PS/index.html]
[www.facebook.com/biz/directory/PT/index.html]
[www.facebook.com/biz/directory/PY/index.html]
[www.facebook.com/biz/directory/QA/index.html]
[www.facebook.com/biz/directory/RE/index.html]
[www.facebook.com/biz/directory/RO/index.html]
[www.facebook.com/biz/directory/RS/index.html]
[www.facebook.com/biz/directory/RU/index.html]
[www.facebook.com/biz/directory/RW/index.html]
[www.facebook.com/biz/directory/SA/index.html]
[www.facebook.com/biz/directory/SB/index.html]
[www.facebook.com/biz/directory/SC/index.html]
[www.facebook.com/biz/directory/SD/index.html]
[www.facebook.com/biz/directory/SE/index.html]
[www.facebook.com/biz/directory/SG/index.html]
[www.facebook.com/biz/directory/SI/index.html]
[www.facebook.com/biz/directory/SK/index.html]
[www.facebook.com/biz/directory/SL/index.html]
[www.facebook.com/biz/directory/SM/index.html]
[www.facebook.com/biz/directory/SN/index.html]
[www.facebook.com/biz/directory/SO/index.html]
[www.facebook.com/biz/directory/SR/index.html]
[www.facebook.com/biz/directory/SS/index.html]
[www.facebook.com/biz/directory/SV/index.html]
[www.facebook.com/biz/directory/SX/index.html]
[www.facebook.com/biz/directory/SY/index.html]
[www.facebook.com/biz/directory/SZ/index.html]
[www.facebook.com/biz/directory/TC/index.html]
[www.facebook.com/biz/directory/TD/index.html]
[www.facebook.com/biz/directory/TG/index.html]
[www.facebook.com/biz/directory/TH/index.html]
[www.facebook.com/biz/directory/TJ/index.html]
[www.facebook.com/biz/directory/TL/index.html]
[www.facebook.com/biz/directory/TN/index.html]
[www.facebook.com/biz/directory/TO/index.html]
[www.facebook.com/biz/directory/TR/index.html]
[www.facebook.com/biz/directory/TT/index.html]
[www.facebook.com/biz/directory/TW/index.html]
[www.facebook.com/biz/directory/TZ/index.html]
[www.facebook.com/biz/directory/UA/index.html]
[www.facebook.com/biz/directory/UG/index.html]
[www.facebook.com/biz/directory/US/index.html]
[www.facebook.com/biz/directory/UY/index.html]
[www.facebook.com/biz/directory/UZ/index.html]
[www.facebook.com/biz/directory/VA/index.html]
[www.facebook.com/biz/directory/VC/index.html]
[www.facebook.com/biz/directory/VE/index.html]
[www.facebook.com/biz/directory/VG/index.html]
[www.facebook.com/biz/directory/VI/index.html]
[www.facebook.com/biz/directory/VN/index.html]
[www.facebook.com/biz/directory/VU/index.html]
[www.facebook.com/biz/directory/WS/index.html]
[www.facebook.com/biz/directory/XK/index.html]
[www.facebook.com/biz/directory/YE/index.html]
[www.facebook.com/biz/directory/YT/index.html]
[www.facebook.com/biz/directory/ZA/index.html]
[www.facebook.com/biz/directory/ZM/index.html]
[www.facebook.com/biz/directory/ZW/index.html]
[www.facebook.com/biz/directory/help/637205020878504.html]
[www.facebook.com/biz/directory/UDk0ZX.html]
[www.facebook.com/biz/directory/pzzowf.html]
[www.facebook.com/biz/directory/JydrTb.html]
[www.facebook.com/votinginformationcenter.html]
[static.xx.fbcdn.net/rsrc.php/v3iXCc4/yn/l/es_LA/mwQRCuR_fs6LgvwffuKmeX1iEty47D1lAyW9_m2uYbqSTgffJfzqOezuEFEbyP2L2vrj3SeHISlQCxMdiSUDSr9vDSd3IMUWzDM1f8e.js]
[static.xx.fbcdn.net/rsrc.php/v3iOxc4/yF/l/es_LA/2_KVPiLT-GBB9EaYJZl-lrQsBBDbSY2q4UpN3gQ0SeZrqIU9h17ho3kYMHVsdWqltXTRExfpNL8xosyOJVPRlF5ef7iNOV5jRwNIDnOB0_p8Klhkb5KjQo45u.d]
[static.xx.fbcdn.net/rsrc.php/v3iJyF4/yN/l/es_LA/TDG1DphmZDl1f8e.js]
[static.xx.fbcdn.net/rsrc.php/v3ip7P4/yx/l/es_LA/fsMOjoic1b91f8e.js]
[www.facebook.com/votinginformationcenter/theaustralian.com.html]
[www.facebook.com/votinginformationcenter/news.com.html]
[www.facebook.com/votinginformationcenter/kollosche.com.html]
[www.facebook.com/votinginformationcenter/awstrack.html]
[www.facebook.com/votinginformationcenter/'https_/static.xx.fbcdn.net/rsrc.php/v3/yL/r/L19T_CK8gdR.html]
[www.facebook.com/login/device-based/regular/login/index4ed7.html]
[www.facebook.com/votinginformationcenter/'https_/static.xx.fbcdn.net/rsrc.php/v3/yw/r/Jq3vfsRQqYK.html]
[www.facebook.com/votinginformationcenter/'https_/static.xx.fbcdn.net/rsrc.php/v3/yG/r/NUGgfzeInZL.html]
[www.facebook.com/votinginformationcenter/'https_/static.xx.fbcdn.net/rsrc.php/v3/yg/r/ujWafOF28tP.html]
[www.facebook.com/privacy/checkup/index.html]
[www.facebook.com/help/299618223782909.html]
[static.xx.fbcdn.net/rsrc.php/v3/y0/l/0,cross/0BJChUDlp-DRARYpMWIyNteShCSGw11Yp-_Y8k37tAmpqqpLnXe531m2WpPVoY4qUuToZTrXo1u4YCZD9QwQQ5Dn1f8e.css]
[static.xx.fbcdn.net/rsrc.php/v3iWej4/y0/l/es_LA/TDG1DphmZDl7lrBIrofI9JdF3pdfdGFzJpTvSWFTe27B1iLzWy9g3BBaPSIKWlVJZPmgqAxtoIzwNQjhgdktp5ZM1iEty47D1lAIS2cFOLd3HCXDwh5px8Gexup]
[static.xx.fbcdn.net/rsrc.php/v3ihJM4/yd/l/es_LA/n-XsinRtnEqGw1X1Z--2ef7eylVNHYFabRPSYypYeZBMmwQRCuR_fs6GdeUdqWIISF1f8e.js]
[www.facebook.com/privacy/policy/theaustralian.com.html]
[www.facebook.com/privacy/policy/news.com.html]
[www.facebook.com/privacy/policy/kollosche.com.html]
[www.facebook.com/privacy/policy/awstrack.html]
[www.facebook.com/privacy/policy/t8S1ew.html]
[static.xx.fbcdn.net/rsrc.php/v3i84t4/yi/l/es_LA/PBXZ1BArlMY1f8e.js]
[static.xx.fbcdn.net/rsrc.php/v3iFYi4/yX/l/es_LA/CWH59zKabIK1f8e.js]
[static.xx.fbcdn.net/rsrc.php/v3iXea4/y8/l/es_LA/n-XsinRtnEqmwQRCuR_fs6LgvwffuKmeX1iEty47D1lArj3SeHISlQC1f8e.js]
[www.facebook.com/privacy/center/theaustralian.com.html]
[www.facebook.com/privacy/center/news.com.html]
[www.facebook.com/privacy/center/kollosche.com.html]
[www.facebook.com/privacy/center/awstrack.html]
[static.xx.fbcdn.net/rsrc.php/v3ir9q4/y5/l/es_LA/mwQRCuR_fs6U6pp2TafDlJ1iLzWy9g3BBLgvwffuKmeXBuYfq82G9Gq1iEty47D1lAupN0_lqYLgmj007QvtfTQF5pRm_HTJk0hZgwlmAmuSHcuEFEbyP2L2vrj]
[static.xx.fbcdn.net/rsrc.php/v3iO8Y4/yX/l/es_LA/7Y4mDxeEcOR1f8e.js]
[www.facebook.com/groups/explore/theaustralian.com.html]
[www.facebook.com/groups/explore/news.com.html]
[www.facebook.com/groups/explore/kollosche.com.html]
[www.facebook.com/groups/explore/awstrack.html]
[www.facebook.com/groups/explore/'https_/static.xx.fbcdn.net/rsrc.php/v3/yL/r/L19T_CK8gdR.html]
[www.facebook.com/login/device-based/regular/login/index7d9d.html]
[www.facebook.com/groups/explore/'https_/static.xx.fbcdn.net/rsrc.php/v3/yj/r/ftaZmsoGA0_.html]
[www.facebook.com/groups/explore/locations/106078429431815/index.html]
[www.facebook.com/groups/explore/locations/108424279189115/index.html]
[www.facebook.com/groups/explore/locations/110774245616525/index.html]
[www.facebook.com/groups/explore/locations/112047398814697/index.html]
[www.facebook.com/groups/explore/locations/110585945628334/index.html]
[www.facebook.com/groups/explore/locations/106287062743373/index.html]
[www.facebook.com/groups/explore/locations/108081209214649/index.html]
[www.facebook.com/groups/explore/locations/115353315143936/index.html]
[www.facebook.com/groups/explore/locations/110970792260960/index.html]
[www.facebook.com/groups/explore/locations/110346955653479/index.html]
[www.facebook.com/groups/explore/locations/111070818917271/index.html]
[www.facebook.com/groups/explore/locations/113317605345751/index.html]
[www.facebook.com/groups/explore/locations/108659242498155/index.html]
[www.facebook.com/groups/explore/locations/106012156106461/index.html]
[www.facebook.com/groups/explore/locations/102194039822307/index.html]
[www.facebook.com/groups/explore/locations/106504859386230/index.html]
[www.facebook.com/groups/explore/locations/105565836144069/index.html]
[www.facebook.com/groups/explore/locations/114952118516947/index.html]
[www.facebook.com/groups/explore/locations/111175118906315/index.html]
[www.facebook.com/groups/explore/locations/111777152182368/index.html]
[www.facebook.com/reg/index31fc.html]
[static.xx.fbcdn.net/rsrc.php/v3/yS/l/0,cross/wRTeDcr5QVM1f8e.css]
[static.xx.fbcdn.net/rsrc.php/v3/yS/l/0,cross/RS8QwK7JMWs1f8e.css]
[www.facebook.com/policy/cookies/printable.html]
[www.facebook.com/legal/terms.html]
[www.facebook.com/ads/settings.html]
[www.facebook.com/about/basics.html]
[www.facebook.com/help/1561485474074139.html]
[www.facebook.com/help/769828729705201faf2.html]
[www.facebook.com/help/1561485474074139faf2.html]
[www.facebook.com/help/111814505650678faf2.html]
[www.facebook.com/policies/cookies.html]
[www.facebook.com/ads/preferences/edit/index.html]
[www.facebook.com/help/2230503797265156acb5.html]
[www.facebook.com/help/2207256696182627acb5.html]
[www.facebook.com/policies/cookies/help/637205020878504.html]
[www.facebook.com/policies/cookies/theaustralian.com.html]
[www.facebook.com/policies/cookies/news.com.html]
[www.facebook.com/policies/cookies/kollosche.com.html]
[www.facebook.com/policies/cookies/awstrack.html]
[www.facebook.com/policies/cookies/u_0_2_W.html]
[www.facebook.com/policies/cookies/UDk0ZX.html]
[www.facebook.com/policies/cookies/pzzowf.html]
[www.facebook.com/policies/cookies/JydrTb.html]
